Ports found:
arg_mem_0_addr0[0]
arg_mem_0_addr0[1]
arg_mem_0_addr0[2]
arg_mem_0_addr0[3]
arg_mem_0_addr0[4]
arg_mem_0_addr0[5]
arg_mem_0_addr0[6]
arg_mem_0_addr0[7]
arg_mem_0_addr0[8]
arg_mem_0_addr0[9]
arg_mem_0_content_en
arg_mem_0_done
arg_mem_0_read_data[0]
arg_mem_0_read_data[10]
arg_mem_0_read_data[11]
arg_mem_0_read_data[12]
arg_mem_0_read_data[13]
arg_mem_0_read_data[14]
arg_mem_0_read_data[15]
arg_mem_0_read_data[16]
arg_mem_0_read_data[17]
arg_mem_0_read_data[18]
arg_mem_0_read_data[19]
arg_mem_0_read_data[1]
arg_mem_0_read_data[20]
arg_mem_0_read_data[21]
arg_mem_0_read_data[22]
arg_mem_0_read_data[23]
arg_mem_0_read_data[24]
arg_mem_0_read_data[25]
arg_mem_0_read_data[26]
arg_mem_0_read_data[27]
arg_mem_0_read_data[28]
arg_mem_0_read_data[29]
arg_mem_0_read_data[2]
arg_mem_0_read_data[30]
arg_mem_0_read_data[31]
arg_mem_0_read_data[3]
arg_mem_0_read_data[4]
arg_mem_0_read_data[5]
arg_mem_0_read_data[6]
arg_mem_0_read_data[7]
arg_mem_0_read_data[8]
arg_mem_0_read_data[9]
arg_mem_0_write_data[0]
arg_mem_0_write_data[10]
arg_mem_0_write_data[11]
arg_mem_0_write_data[12]
arg_mem_0_write_data[13]
arg_mem_0_write_data[14]
arg_mem_0_write_data[15]
arg_mem_0_write_data[16]
arg_mem_0_write_data[17]
arg_mem_0_write_data[18]
arg_mem_0_write_data[19]
arg_mem_0_write_data[1]
arg_mem_0_write_data[20]
arg_mem_0_write_data[21]
arg_mem_0_write_data[22]
arg_mem_0_write_data[23]
arg_mem_0_write_data[24]
arg_mem_0_write_data[25]
arg_mem_0_write_data[26]
arg_mem_0_write_data[27]
arg_mem_0_write_data[28]
arg_mem_0_write_data[29]
arg_mem_0_write_data[2]
arg_mem_0_write_data[30]
arg_mem_0_write_data[31]
arg_mem_0_write_data[3]
arg_mem_0_write_data[4]
arg_mem_0_write_data[5]
arg_mem_0_write_data[6]
arg_mem_0_write_data[7]
arg_mem_0_write_data[8]
arg_mem_0_write_data[9]
arg_mem_0_write_en
arg_mem_1_addr0[0]
arg_mem_1_addr0[1]
arg_mem_1_addr0[2]
arg_mem_1_addr0[3]
arg_mem_1_addr0[4]
arg_mem_1_addr0[5]
arg_mem_1_addr0[6]
arg_mem_1_addr0[7]
arg_mem_1_addr0[8]
arg_mem_1_addr0[9]
arg_mem_1_content_en
arg_mem_1_done
arg_mem_1_read_data[0]
arg_mem_1_read_data[10]
arg_mem_1_read_data[11]
arg_mem_1_read_data[12]
arg_mem_1_read_data[13]
arg_mem_1_read_data[14]
arg_mem_1_read_data[15]
arg_mem_1_read_data[16]
arg_mem_1_read_data[17]
arg_mem_1_read_data[18]
arg_mem_1_read_data[19]
arg_mem_1_read_data[1]
arg_mem_1_read_data[20]
arg_mem_1_read_data[21]
arg_mem_1_read_data[22]
arg_mem_1_read_data[23]
arg_mem_1_read_data[24]
arg_mem_1_read_data[25]
arg_mem_1_read_data[26]
arg_mem_1_read_data[27]
arg_mem_1_read_data[28]
arg_mem_1_read_data[29]
arg_mem_1_read_data[2]
arg_mem_1_read_data[30]
arg_mem_1_read_data[31]
arg_mem_1_read_data[3]
arg_mem_1_read_data[4]
arg_mem_1_read_data[5]
arg_mem_1_read_data[6]
arg_mem_1_read_data[7]
arg_mem_1_read_data[8]
arg_mem_1_read_data[9]
arg_mem_1_write_data[0]
arg_mem_1_write_data[10]
arg_mem_1_write_data[11]
arg_mem_1_write_data[12]
arg_mem_1_write_data[13]
arg_mem_1_write_data[14]
arg_mem_1_write_data[15]
arg_mem_1_write_data[16]
arg_mem_1_write_data[17]
arg_mem_1_write_data[18]
arg_mem_1_write_data[19]
arg_mem_1_write_data[1]
arg_mem_1_write_data[20]
arg_mem_1_write_data[21]
arg_mem_1_write_data[22]
arg_mem_1_write_data[23]
arg_mem_1_write_data[24]
arg_mem_1_write_data[25]
arg_mem_1_write_data[26]
arg_mem_1_write_data[27]
arg_mem_1_write_data[28]
arg_mem_1_write_data[29]
arg_mem_1_write_data[2]
arg_mem_1_write_data[30]
arg_mem_1_write_data[31]
arg_mem_1_write_data[3]
arg_mem_1_write_data[4]
arg_mem_1_write_data[5]
arg_mem_1_write_data[6]
arg_mem_1_write_data[7]
arg_mem_1_write_data[8]
arg_mem_1_write_data[9]
arg_mem_1_write_en
arg_mem_2_addr0[0]
arg_mem_2_addr0[1]
arg_mem_2_addr0[2]
arg_mem_2_addr0[3]
arg_mem_2_addr0[4]
arg_mem_2_addr0[5]
arg_mem_2_addr0[6]
arg_mem_2_addr0[7]
arg_mem_2_addr0[8]
arg_mem_2_addr0[9]
arg_mem_2_content_en
arg_mem_2_done
arg_mem_2_read_data[0]
arg_mem_2_read_data[10]
arg_mem_2_read_data[11]
arg_mem_2_read_data[12]
arg_mem_2_read_data[13]
arg_mem_2_read_data[14]
arg_mem_2_read_data[15]
arg_mem_2_read_data[16]
arg_mem_2_read_data[17]
arg_mem_2_read_data[18]
arg_mem_2_read_data[19]
arg_mem_2_read_data[1]
arg_mem_2_read_data[20]
arg_mem_2_read_data[21]
arg_mem_2_read_data[22]
arg_mem_2_read_data[23]
arg_mem_2_read_data[24]
arg_mem_2_read_data[25]
arg_mem_2_read_data[26]
arg_mem_2_read_data[27]
arg_mem_2_read_data[28]
arg_mem_2_read_data[29]
arg_mem_2_read_data[2]
arg_mem_2_read_data[30]
arg_mem_2_read_data[31]
arg_mem_2_read_data[3]
arg_mem_2_read_data[4]
arg_mem_2_read_data[5]
arg_mem_2_read_data[6]
arg_mem_2_read_data[7]
arg_mem_2_read_data[8]
arg_mem_2_read_data[9]
arg_mem_2_write_data[0]
arg_mem_2_write_data[10]
arg_mem_2_write_data[11]
arg_mem_2_write_data[12]
arg_mem_2_write_data[13]
arg_mem_2_write_data[14]
arg_mem_2_write_data[15]
arg_mem_2_write_data[16]
arg_mem_2_write_data[17]
arg_mem_2_write_data[18]
arg_mem_2_write_data[19]
arg_mem_2_write_data[1]
arg_mem_2_write_data[20]
arg_mem_2_write_data[21]
arg_mem_2_write_data[22]
arg_mem_2_write_data[23]
arg_mem_2_write_data[24]
arg_mem_2_write_data[25]
arg_mem_2_write_data[26]
arg_mem_2_write_data[27]
arg_mem_2_write_data[28]
arg_mem_2_write_data[29]
arg_mem_2_write_data[2]
arg_mem_2_write_data[30]
arg_mem_2_write_data[31]
arg_mem_2_write_data[3]
arg_mem_2_write_data[4]
arg_mem_2_write_data[5]
arg_mem_2_write_data[6]
arg_mem_2_write_data[7]
arg_mem_2_write_data[8]
arg_mem_2_write_data[9]
arg_mem_2_write_en
clk
done
go
reset
